// Jest Snapshot v1, https://goo.gl/fbAQLP

exports[`Header renders correctly 1`] = `
<footer>
  Â© 
   
  <a
    href="/"
    style={
      Object {
        "boxShadow": "none",
        "color": "inherit",
      }
    }
  >
    Orivelton Cesar
  </a>
   
  2020
</footer>
`;
