// Jest Snapshot v1, https://goo.gl/fbAQLP

exports[`src/components/Logo.js renders correctly 1`] = `
<a
  className="nav__link nav__link--logo"
  href="/"
  title="Go to Home"
>
  <img
    alt="Logo Orivelton Cesar"
    className="logo"
    src="test-file-stub"
  />
</a>
`;
